---
source: crates/printer/src/operation_type_printer/tests/mod.rs
expression: printed
---
import type { TypedDocumentNode } from "@graphql-typed-document-node/core";
import type * as Schema from "";

type TestQueryResult = Schema.__SelectionSet<Schema.Query, {
  me: Schema.__SelectionSet<Schema.User, {
    id: Schema.ID;
    name: Schema.String;
    type: Schema.UserType;
    age: Schema.Int | null;
  }, {}>;
}, {}>;

type TestQueryVariables = {
  foo: Schema.Int;
  bar: Schema.String | null;
};

declare const TestQueryQuery: TypedDocumentNode<TestQueryResult, TestQueryVariables>;

export { TestQueryQuery as default };


